======================================================================
TAS Governance v2 Experiment [final_single_auditor_lf_seed123]
======================================================================
  Config: /home/njit/tasl_fashion_single_auditor_5seed_20261002/configs/fashion_lf_seed123.yaml
  Dataset: fashionmnist, 10 clients, 4 Byzantine (label_flip)
  Rounds: 50, Local epochs: 2
  LR: 0.02, Momentum: 0.0, Weight decay: 0.0
  Batch size: 128, Dirichlet alpha: 0.3
  Seed: 123, Device: cuda
  EMA alpha: 0.7, Trust cos^power: 5.0
  V1 dim sample: 0.3, V2 client sample: 0.3
  Tolerance: 1e-06
  cudnn.deterministic: True

======================================================================
  Executor Attack: mixed12
======================================================================

--- mixed12 1/2: trust_v1 ---
[trust_v1] r01 | atk=False | V1_t=0,a=0 | ok=1 heal=0 | acc=10.15%
[trust_v1] r10 | atk=True | V1_t=0,a=0 | ok=1 heal=0 | acc=24.19%
[trust_v1] r20 | atk=True | V1_t=0,a=1 | ok=0 heal=1 | acc=21.95%
[trust_v1] r30 | atk=False | V1_t=0,a=0 | ok=1 heal=0 | acc=69.06%
[trust_v1] r40 | atk=True | V1_t=1,a=0 | ok=0 heal=1 | acc=40.20%
[trust_v1] r50 | atk=False | V1_t=0,a=0 | ok=1 heal=0 | acc=12.09%
  => best_acc=80.99%, avg_acc=54.40%
  [snapshot] Saved: /home/njit/tasl_fashion_single_auditor_5seed_20261002/results/lf_seed123/tasv2_mixed12_r50_b4.csv
  [snapshot] Saved: /home/njit/tasl_fashion_single_auditor_5seed_20261002/results/lf_seed123/tasv2_summary.csv

--- mixed12 2/2: trust_v2 ---
[trust_v2] r01 | atk=False | V2_t=0,a=0 | ok=1 heal=0 | acc=10.15%
[trust_v2] r10 | atk=True | V2_t=0,a=1 | ok=0 heal=1 | acc=54.56%
[trust_v2] r20 | atk=True | V2_t=0,a=1 | ok=0 heal=1 | acc=72.84%
[trust_v2] r30 | atk=False | V2_t=0,a=0 | ok=1 heal=0 | acc=73.20%
[trust_v2] r40 | atk=True | V2_t=0,a=0 | ok=1 heal=0 | acc=7.14%
[trust_v2] r50 | atk=False | V2_t=0,a=0 | ok=1 heal=0 | acc=52.48%
  => best_acc=82.26%, avg_acc=52.57%
  [snapshot] Saved: /home/njit/tasl_fashion_single_auditor_5seed_20261002/results/lf_seed123/tasv2_mixed12_r50_b4.csv
  [snapshot] Saved: /home/njit/tasl_fashion_single_auditor_5seed_20261002/results/lf_seed123/tasv2_summary.csv

======================================================================
 TAS Governance v2 Summary: Executor Attack = mixed12
======================================================================
Group                  Best      Avg   V1_t   V1_a   V2_t   V2_a  Blocked Interc%
-------------------------------------------------------------------------------------
trust_v1              80.99    54.40     10     18      0      0       28   93.3%
trust_v2              82.26    52.57      0      0      6     20       26   86.7%
  [snapshot] Saved: /home/njit/tasl_fashion_single_auditor_5seed_20261002/results/lf_seed123/tasv2_mixed12_r50_b4.csv
  [snapshot] Saved: /home/njit/tasl_fashion_single_auditor_5seed_20261002/results/lf_seed123/tasv2_summary.csv

======================================================================
 Experiment complete.
======================================================================
