======================================================================
TAS Governance v2 Experiment [final_single_auditor_lf_seed2024]
======================================================================
  Config: /home/njit/tasl_fashion_single_auditor_5seed_20261002/configs/fashion_lf_seed2024.yaml
  Dataset: fashionmnist, 10 clients, 4 Byzantine (label_flip)
  Rounds: 50, Local epochs: 2
  LR: 0.02, Momentum: 0.0, Weight decay: 0.0
  Batch size: 128, Dirichlet alpha: 0.3
  Seed: 2024, Device: cuda
  EMA alpha: 0.7, Trust cos^power: 5.0
  V1 dim sample: 0.3, V2 client sample: 0.3
  Tolerance: 1e-06
  cudnn.deterministic: True

======================================================================
  Executor Attack: mixed12
======================================================================

--- mixed12 1/2: trust_v1 ---
[trust_v1] r01 | atk=False | V1_t=0,a=0 | ok=1 heal=0 | acc=32.09%
[trust_v1] r10 | atk=True | V1_t=0,a=1 | ok=0 heal=1 | acc=68.89%
[trust_v1] r20 | atk=True | V1_t=0,a=1 | ok=0 heal=1 | acc=64.08%
[trust_v1] r30 | atk=False | V1_t=0,a=0 | ok=1 heal=0 | acc=55.50%
[trust_v1] r40 | atk=True | V1_t=1,a=0 | ok=0 heal=1 | acc=78.49%
[trust_v1] r50 | atk=False | V1_t=0,a=0 | ok=1 heal=0 | acc=76.97%
  => best_acc=79.81%, avg_acc=66.11%
  [snapshot] Saved: /home/njit/tasl_fashion_single_auditor_5seed_20261002/results/lf_seed2024/tasv2_mixed12_r50_b4.csv
  [snapshot] Saved: /home/njit/tasl_fashion_single_auditor_5seed_20261002/results/lf_seed2024/tasv2_summary.csv

--- mixed12 2/2: trust_v2 ---
[trust_v2] r01 | atk=False | V2_t=0,a=0 | ok=1 heal=0 | acc=32.09%
[trust_v2] r10 | atk=True | V2_t=0,a=1 | ok=0 heal=1 | acc=68.89%
[trust_v2] r20 | atk=True | V2_t=0,a=1 | ok=0 heal=1 | acc=75.25%
[trust_v2] r30 | atk=False | V2_t=0,a=0 | ok=1 heal=0 | acc=58.21%
[trust_v2] r40 | atk=True | V2_t=1,a=0 | ok=0 heal=1 | acc=78.55%
[trust_v2] r50 | atk=False | V2_t=0,a=0 | ok=1 heal=0 | acc=76.84%
  => best_acc=79.73%, avg_acc=66.15%
  [snapshot] Saved: /home/njit/tasl_fashion_single_auditor_5seed_20261002/results/lf_seed2024/tasv2_mixed12_r50_b4.csv
  [snapshot] Saved: /home/njit/tasl_fashion_single_auditor_5seed_20261002/results/lf_seed2024/tasv2_summary.csv

======================================================================
 TAS Governance v2 Summary: Executor Attack = mixed12
======================================================================
Group                  Best      Avg   V1_t   V1_a   V2_t   V2_a  Blocked Interc%
-------------------------------------------------------------------------------------
trust_v1              79.81    66.11     10     19      0      0       29   96.7%
trust_v2              79.73    66.15      0      0     10     20       30  100.0%
  [snapshot] Saved: /home/njit/tasl_fashion_single_auditor_5seed_20261002/results/lf_seed2024/tasv2_mixed12_r50_b4.csv
  [snapshot] Saved: /home/njit/tasl_fashion_single_auditor_5seed_20261002/results/lf_seed2024/tasv2_summary.csv

======================================================================
 Experiment complete.
======================================================================
