======================================================================
TAS Governance v2 Experiment [final_single_auditor_scaling_seed3407]
======================================================================
  Config: /home/njit/tasl_fashion_single_auditor_5seed_20261002/configs/fashion_scaling_seed3407.yaml
  Dataset: fashionmnist, 10 clients, 4 Byzantine (scaling)
  Rounds: 50, Local epochs: 2
  LR: 0.02, Momentum: 0.0, Weight decay: 0.0
  Batch size: 128, Dirichlet alpha: 0.3
  Seed: 3407, Device: cuda
  EMA alpha: 0.7, Trust cos^power: 5.0
  V1 dim sample: 0.3, V2 client sample: 0.3
  Tolerance: 1e-06
  cudnn.deterministic: True

======================================================================
  Executor Attack: mixed12
======================================================================

--- mixed12 1/2: trust_v1 ---
[trust_v1] r01 | atk=False | V1_t=0,a=0 | ok=1 heal=0 | acc=29.54%
[trust_v1] r10 | atk=True | V1_t=0,a=1 | ok=0 heal=1 | acc=69.24%
[trust_v1] r20 | atk=True | V1_t=0,a=1 | ok=0 heal=1 | acc=65.19%
[trust_v1] r30 | atk=False | V1_t=0,a=0 | ok=1 heal=0 | acc=75.75%
[trust_v1] r40 | atk=True | V1_t=1,a=0 | ok=0 heal=1 | acc=80.70%
[trust_v1] r50 | atk=False | V1_t=0,a=0 | ok=1 heal=0 | acc=80.56%
  => best_acc=80.70%, avg_acc=71.97%
  [snapshot] Saved: /home/njit/tasl_fashion_single_auditor_5seed_20261002/results/scaling_seed3407/tasv2_mixed12_r50_b4.csv
  [snapshot] Saved: /home/njit/tasl_fashion_single_auditor_5seed_20261002/results/scaling_seed3407/tasv2_summary.csv

--- mixed12 2/2: trust_v2 ---
[trust_v2] r01 | atk=False | V2_t=0,a=0 | ok=1 heal=0 | acc=29.54%
[trust_v2] r10 | atk=True | V2_t=0,a=1 | ok=0 heal=1 | acc=68.90%
[trust_v2] r20 | atk=True | V2_t=0,a=1 | ok=0 heal=1 | acc=66.60%
[trust_v2] r30 | atk=False | V2_t=0,a=0 | ok=1 heal=0 | acc=75.47%
[trust_v2] r40 | atk=True | V2_t=1,a=0 | ok=0 heal=1 | acc=79.36%
[trust_v2] r50 | atk=False | V2_t=0,a=0 | ok=1 heal=0 | acc=51.93%
  => best_acc=81.10%, avg_acc=69.16%
  [snapshot] Saved: /home/njit/tasl_fashion_single_auditor_5seed_20261002/results/scaling_seed3407/tasv2_mixed12_r50_b4.csv
  [snapshot] Saved: /home/njit/tasl_fashion_single_auditor_5seed_20261002/results/scaling_seed3407/tasv2_summary.csv

======================================================================
 TAS Governance v2 Summary: Executor Attack = mixed12
======================================================================
Group                  Best      Avg   V1_t   V1_a   V2_t   V2_a  Blocked Interc%
-------------------------------------------------------------------------------------
trust_v1              80.70    71.97     10     20      0      0       30  100.0%
trust_v2              81.10    69.16      0      0      9     20       29   96.7%
  [snapshot] Saved: /home/njit/tasl_fashion_single_auditor_5seed_20261002/results/scaling_seed3407/tasv2_mixed12_r50_b4.csv
  [snapshot] Saved: /home/njit/tasl_fashion_single_auditor_5seed_20261002/results/scaling_seed3407/tasv2_summary.csv

======================================================================
 Experiment complete.
======================================================================
